---
source: tests/parser_tests.rs
expression: error_msg
---
Parse error at line 1, column 1: Expected expression
