---
source: tests/semantics_tests.rs
expression: error_msg
---
● : E0604: handle 'handle' awaited more than once.
────────────────────────────────────────────────────────────

  ⓘ E0604: handle 'handle' awaited more than once.
────────────────────────────────────────────────────────────
