---
source: tests/semantics_tests.rs
expression: error_msg
---
Semantic error: E0603: cannot await call using 'fire async' policy.
