---
source: tests/semantics_tests.rs
expression: error_msg
---
● : W0601: task handle 'handle' is never awaited.
────────────────────────────────────────────────────────────

  ⓘ W0601: task handle 'handle' is never awaited.
────────────────────────────────────────────────────────────
